// Jest Snapshot v1, https://goo.gl/fbAQLP

exports[`AppNavigation.vue show the name of the app 1`] = `<span><v-navigation-drawer app="" dark="" disable-resize-watcher="" class="brown lighten-2"><v-list><v-list-item link=""><v-list-item-content><v-list-item-title>Menu</v-list-item-title></v-list-item-content></v-list-item><v-list-item link=""><v-list-item-content><v-list-item-title>Sign In</v-list-item-title></v-list-item-content></v-list-item><v-list-item link=""><v-list-item-content><v-list-item-title>Register</v-list-item-title></v-list-item-content></v-list-item></v-list></v-navigation-drawer> <v-app-bar color="brown darken-4" dark=""><v-app-bar-nav-icon class="hidden-md-and-up"></v-app-bar-nav-icon> <v-toolbar-title>Buy-Something</v-toolbar-title> <div class="flex-grow-1"></div> <div class="hidden-sm-and-down"><v-btn>SIGN IN</v-btn> <v-btn color="brown lighten-3">REGISTER</v-btn></div></v-app-bar></span>`;
